input contents |% Example of mutual recursion.

a().
b() :- c().
b() :- b().

c() :- b().
|
(no query given)
stringed file contents (size=111, remaining=2889)
|predicate_a().
predicate_b() :- predicate_c().
predicate_b() :- predicate_b().
predicate_c() :- predicate_b().|
stringed file contents strlen=110
