input contents |% Example of mutual recursion.

c().
a().
b() :- c().
b() :- b().

c() :- b().
|
(no query given)
stringed file contents (size=126, remaining=2874)
|predicate_c().
predicate_a().
predicate_b() :- predicate_c().
predicate_b() :- predicate_b().
predicate_c() :- predicate_b().|
stringed file contents strlen=125
