input contents |%v(a).
%v(b).
%v(c).
%e(a,a).
%e(b,b).
%e(a,b).
%e(b,c).
d(X, X).
e(X,Y) :- d(X, Z), d(Z, Y).
%d(X, X).
|
(no query given)
stringed file contents (size=78, remaining=2922)
|predicate_d(X, X).
predicate_e(X, Y) :- predicate_d(X, Z), predicate_d(Z, Y).|
stringed file contents strlen=77
